2025-04-23 00:02:32.319 [http-nio-8081-exec-9] INFO  c.e.a.service.impl.UserServiceImpl - 根据角色获取用户列表: SUPERVISOR
2025-04-23 00:04:32.826 [http-nio-8081-exec-2] INFO  c.e.a.service.impl.UserServiceImpl - 根据角色获取用户列表: SUPERVISOR
2025-04-23 00:11:12.025 [http-nio-8081-exec-2] WARN  com.zaxxer.hikari.pool.PoolBase - HikariPool-1 - Failed to validate connection com.mysql.cj.jdbc.ConnectionImpl@7662fc49 (No operations allowed after connection closed.). Possibly consider using a shorter maxLifetime value.
2025-04-23 00:11:12.025 [http-nio-8081-exec-6] WARN  com.zaxxer.hikari.pool.PoolBase - HikariPool-1 - Failed to validate connection com.mysql.cj.jdbc.ConnectionImpl@280ecc33 (No operations allowed after connection closed.). Possibly consider using a shorter maxLifetime value.
2025-04-23 00:11:12.094 [http-nio-8081-exec-2] WARN  com.zaxxer.hikari.pool.PoolBase - HikariPool-1 - Failed to validate connection com.mysql.cj.jdbc.ConnectionImpl@4c2c1ce7 (No operations allowed after connection closed.). Possibly consider using a shorter maxLifetime value.
2025-04-23 00:11:12.094 [http-nio-8081-exec-6] WARN  com.zaxxer.hikari.pool.PoolBase - HikariPool-1 - Failed to validate connection com.mysql.cj.jdbc.ConnectionImpl@3cbcb087 (No operations allowed after connection closed.). Possibly consider using a shorter maxLifetime value.
2025-04-23 00:11:12.136 [http-nio-8081-exec-2] WARN  com.zaxxer.hikari.pool.PoolBase - HikariPool-1 - Failed to validate connection com.mysql.cj.jdbc.ConnectionImpl@2d4d319f (No operations allowed after connection closed.). Possibly consider using a shorter maxLifetime value.
2025-04-23 00:11:12.136 [http-nio-8081-exec-6] WARN  com.zaxxer.hikari.pool.PoolBase - HikariPool-1 - Failed to validate connection com.mysql.cj.jdbc.ConnectionImpl@39af8a07 (No operations allowed after connection closed.). Possibly consider using a shorter maxLifetime value.
2025-04-23 00:11:12.183 [http-nio-8081-exec-2] WARN  com.zaxxer.hikari.pool.PoolBase - HikariPool-1 - Failed to validate connection com.mysql.cj.jdbc.ConnectionImpl@27fe666b (No operations allowed after connection closed.). Possibly consider using a shorter maxLifetime value.
2025-04-23 00:11:12.183 [http-nio-8081-exec-6] WARN  com.zaxxer.hikari.pool.PoolBase - HikariPool-1 - Failed to validate connection com.mysql.cj.jdbc.ConnectionImpl@457c04db (No operations allowed after connection closed.). Possibly consider using a shorter maxLifetime value.
2025-04-23 00:11:12.232 [http-nio-8081-exec-2] WARN  com.zaxxer.hikari.pool.PoolBase - HikariPool-1 - Failed to validate connection com.mysql.cj.jdbc.ConnectionImpl@79d7af84 (No operations allowed after connection closed.). Possibly consider using a shorter maxLifetime value.
2025-04-23 00:11:12.232 [http-nio-8081-exec-6] WARN  com.zaxxer.hikari.pool.PoolBase - HikariPool-1 - Failed to validate connection com.mysql.cj.jdbc.ConnectionImpl@64477578 (No operations allowed after connection closed.). Possibly consider using a shorter maxLifetime value.
2025-04-23 00:11:13.813 [http-nio-8081-exec-6] INFO  c.e.auth.config.WebSocketConfig - 收到STOMP CONNECT命令
2025-04-23 00:11:13.813 [http-nio-8081-exec-6] INFO  c.e.auth.config.WebSocketConfig - 从WebSocket连接中提取到JWT Token: eyJhbGciOi...
2025-04-23 00:11:13.814 [http-nio-8081-exec-6] INFO  c.e.auth.config.WebSocketConfig - 从JWT Token提取的用户ID: 4
2025-04-23 00:11:13.814 [http-nio-8081-exec-6] INFO  c.e.auth.config.WebSocketConfig - WebSocket连接成功设置用户ID为Principal: 4
2025-04-23 00:13:06.213 [http-nio-8081-exec-6] INFO  c.e.auth.config.WebSocketConfig - 收到STOMP CONNECT命令
2025-04-23 00:13:06.213 [http-nio-8081-exec-6] INFO  c.e.auth.config.WebSocketConfig - 从WebSocket连接中提取到JWT Token: eyJhbGciOi...
2025-04-23 00:13:06.214 [http-nio-8081-exec-6] INFO  c.e.auth.config.WebSocketConfig - 从JWT Token提取的用户ID: 2
2025-04-23 00:13:06.214 [http-nio-8081-exec-6] INFO  c.e.auth.config.WebSocketConfig - WebSocket连接成功设置用户ID为Principal: 2
2025-04-23 00:13:07.817 [http-nio-8081-exec-10] INFO  c.e.auth.config.WebSocketConfig - 收到STOMP CONNECT命令
2025-04-23 00:13:07.819 [http-nio-8081-exec-10] INFO  c.e.auth.config.WebSocketConfig - 从WebSocket连接中提取到JWT Token: eyJhbGciOi...
2025-04-23 00:13:07.819 [http-nio-8081-exec-10] INFO  c.e.auth.config.WebSocketConfig - 从JWT Token提取的用户ID: 3
2025-04-23 00:13:07.819 [http-nio-8081-exec-10] INFO  c.e.auth.config.WebSocketConfig - WebSocket连接成功设置用户ID为Principal: 3
2025-04-23 00:19:29.291 [SpringApplicationShutdownHook] INFO  o.s.m.s.b.SimpleBrokerMessageHandler - Stopping...
2025-04-23 00:19:29.291 [SpringApplicationShutdownHook] INFO  o.s.m.s.b.SimpleBrokerMessageHandler - BrokerAvailabilityEvent[available=false, SimpleBrokerMessageHandler [org.springframework.messaging.simp.broker.DefaultSubscriptionRegistry@5e7918f7]]
2025-04-23 00:19:29.291 [SpringApplicationShutdownHook] INFO  o.s.m.s.b.SimpleBrokerMessageHandler - Stopped.
2025-04-23 00:19:29.340 [SpringApplicationShutdownHook] INFO  com.zaxxer.hikari.HikariDataSource - HikariPool-1 - Shutdown initiated...
2025-04-23 00:19:29.344 [SpringApplicationShutdownHook] INFO  com.zaxxer.hikari.HikariDataSource - HikariPool-1 - Shutdown completed.
2025-04-23 00:19:33.566 [main] INFO  com.example.auth.AuthApplication - Starting AuthApplication using Java 17.0.12 with PID 104088 (C:\Users\37602\Desktop\项目\Manage_supervision\Manage_supervision\backend\target\classes started by 37602 in C:\Users\37602\Desktop\项目\Manage_supervision)
2025-04-23 00:19:33.568 [main] INFO  com.example.auth.AuthApplication - No active profile set, falling back to 1 default profile: "default"
2025-04-23 00:19:34.119 [main] INFO  o.s.d.r.c.RepositoryConfigurationDelegate - Bootstrapping Spring Data JPA repositories in DEFAULT mode.
2025-04-23 00:19:34.206 [main] INFO  o.s.d.r.c.RepositoryConfigurationDelegate - Finished Spring Data repository scanning in 81 ms. Found 15 JPA repository interfaces.
2025-04-23 00:19:34.601 [main] INFO  o.s.b.w.e.tomcat.TomcatWebServer - Tomcat initialized with port 8081 (http)
2025-04-23 00:19:34.610 [main] INFO  o.a.coyote.http11.Http11NioProtocol - Initializing ProtocolHandler ["http-nio-8081"]
2025-04-23 00:19:34.612 [main] INFO  o.a.catalina.core.StandardService - Starting service [Tomcat]
2025-04-23 00:19:34.612 [main] INFO  o.a.catalina.core.StandardEngine - Starting Servlet engine: [Apache Tomcat/10.1.19]
2025-04-23 00:19:34.656 [main] INFO  o.a.c.c.C.[Tomcat].[localhost].[/] - Initializing Spring embedded WebApplicationContext
2025-04-23 00:19:34.656 [main] INFO  o.s.b.w.s.c.ServletWebServerApplicationContext - Root WebApplicationContext: initialization completed in 1056 ms
2025-04-23 00:19:34.777 [main] INFO  o.h.jpa.internal.util.LogHelper - HHH000204: Processing PersistenceUnitInfo [name: default]
2025-04-23 00:19:34.838 [main] INFO  org.hibernate.Version - HHH000412: Hibernate ORM core version 6.4.4.Final
2025-04-23 00:19:34.872 [main] INFO  o.h.c.i.RegionFactoryInitiator - HHH000026: Second-level cache disabled
2025-04-23 00:19:35.091 [main] INFO  com.zaxxer.hikari.HikariDataSource - HikariPool-1 - Starting...
2025-04-23 00:19:35.633 [main] INFO  com.zaxxer.hikari.pool.HikariPool - HikariPool-1 - Added connection com.mysql.cj.jdbc.ConnectionImpl@41be8db9
2025-04-23 00:19:35.634 [main] INFO  com.zaxxer.hikari.HikariDataSource - HikariPool-1 - Start completed.
2025-04-23 00:19:35.716 [main] WARN  org.hibernate.orm.deprecation - HHH90000025: MySQL8Dialect does not need to be specified explicitly using 'hibernate.dialect' (remove the property setting and it will be selected by default)
2025-04-23 00:19:35.717 [main] WARN  org.hibernate.orm.deprecation - HHH90000026: MySQL8Dialect has been deprecated; use org.hibernate.dialect.MySQLDialect instead
2025-04-23 00:19:36.482 [main] INFO  o.h.e.t.j.p.i.JtaPlatformInitiator - HHH000489: No JTA platform available (set 'hibernate.transaction.jta.platform' to enable JTA platform integration)
2025-04-23 00:19:38.605 [main] INFO  o.s.d.j.r.query.QueryEnhancerFactory - Hibernate is in classpath; If applicable, HQL parser will be used.
2025-04-23 00:19:40.226 [main] INFO  c.e.auth.config.WebSocketConfig - 配置WebSocket客户端入站通道拦截器
2025-04-23 00:19:40.227 [main] INFO  c.e.auth.config.WebSocketConfig - WebSocket客户端入站通道拦截器配置完成
2025-04-23 00:19:40.234 [main] INFO  c.e.auth.config.WebSocketConfig - 配置WebSocket消息代理
2025-04-23 00:19:40.235 [main] INFO  c.e.auth.config.WebSocketConfig - WebSocket消息代理配置完成
2025-04-23 00:19:40.398 [main] INFO  c.e.auth.config.WebSocketConfig - 注册WebSocket端点: /ws
2025-04-23 00:19:40.444 [main] WARN  o.s.b.a.o.j.JpaBaseConfiguration$JpaWebConfiguration - spring.jpa.open-in-view is enabled by default. Therefore, database queries may be performed during view rendering. Explicitly configure spring.jpa.open-in-view to disable this warning
2025-04-23 00:19:40.490 [main] INFO  com.example.auth.config.WebConfig - 配置拦截器，验证用户权限
2025-04-23 00:19:40.493 [main] INFO  com.example.auth.config.WebConfig - 配置CORS，允许前端访问
2025-04-23 00:19:40.493 [main] INFO  com.example.auth.config.WebConfig - CORS配置完成，允许所有来源访问
2025-04-23 00:19:40.563 [main] INFO  com.example.auth.config.WebConfig - 配置资源映射: /uploads/** -> file:C:\Users\37602\Desktop\项目\Manage_supervision\uploads/
2025-04-23 00:19:40.730 [main] INFO  o.a.coyote.http11.Http11NioProtocol - Starting ProtocolHandler ["http-nio-8081"]
2025-04-23 00:19:40.751 [main] INFO  o.s.b.w.e.tomcat.TomcatWebServer - Tomcat started on port 8081 (http) with context path ''
2025-04-23 00:19:40.753 [main] INFO  o.s.m.s.b.SimpleBrokerMessageHandler - Starting...
2025-04-23 00:19:40.753 [main] INFO  o.s.m.s.b.SimpleBrokerMessageHandler - BrokerAvailabilityEvent[available=true, SimpleBrokerMessageHandler [org.springframework.messaging.simp.broker.DefaultSubscriptionRegistry@34b2a6f4]]
2025-04-23 00:19:40.754 [main] INFO  o.s.m.s.b.SimpleBrokerMessageHandler - Started.
2025-04-23 00:19:40.760 [main] INFO  com.example.auth.AuthApplication - Started AuthApplication in 7.592 seconds (process running for 8.066)
2025-04-23 00:19:40.850 [http-nio-8081-exec-1] INFO  o.a.c.c.C.[Tomcat].[localhost].[/] - Initializing Spring DispatcherServlet 'dispatcherServlet'
2025-04-23 00:19:40.850 [http-nio-8081-exec-1] INFO  o.s.web.servlet.DispatcherServlet - Initializing Servlet 'dispatcherServlet'
2025-04-23 00:19:40.850 [http-nio-8081-exec-1] INFO  o.s.web.servlet.DispatcherServlet - Completed initialization in 0 ms
2025-04-23 00:19:42.042 [http-nio-8081-exec-8] INFO  c.e.auth.config.WebSocketConfig - 收到STOMP CONNECT命令
2025-04-23 00:19:42.042 [http-nio-8081-exec-8] INFO  c.e.auth.config.WebSocketConfig - 从WebSocket连接中提取到JWT Token: eyJhbGciOi...
2025-04-23 00:19:42.043 [http-nio-8081-exec-8] INFO  c.e.auth.config.WebSocketConfig - 从JWT Token提取的用户ID: 3
2025-04-23 00:19:42.043 [http-nio-8081-exec-8] INFO  c.e.auth.config.WebSocketConfig - WebSocket连接成功设置用户ID为Principal: 3
2025-04-23 00:19:45.431 [http-nio-8081-exec-4] INFO  c.e.auth.config.WebSocketConfig - 收到STOMP CONNECT命令
2025-04-23 00:19:45.432 [http-nio-8081-exec-4] INFO  c.e.auth.config.WebSocketConfig - 从WebSocket连接中提取到JWT Token: eyJhbGciOi...
2025-04-23 00:19:45.432 [http-nio-8081-exec-4] INFO  c.e.auth.config.WebSocketConfig - 从JWT Token提取的用户ID: 2
2025-04-23 00:19:45.432 [http-nio-8081-exec-4] INFO  c.e.auth.config.WebSocketConfig - WebSocket连接成功设置用户ID为Principal: 2
2025-04-23 00:19:46.444 [http-nio-8081-exec-7] INFO  c.e.auth.config.WebSocketConfig - 收到STOMP CONNECT命令
2025-04-23 00:19:46.444 [http-nio-8081-exec-7] INFO  c.e.auth.config.WebSocketConfig - 从WebSocket连接中提取到JWT Token: eyJhbGciOi...
2025-04-23 00:19:46.445 [http-nio-8081-exec-7] INFO  c.e.auth.config.WebSocketConfig - 从JWT Token提取的用户ID: 4
2025-04-23 00:19:46.445 [http-nio-8081-exec-7] INFO  c.e.auth.config.WebSocketConfig - WebSocket连接成功设置用户ID为Principal: 4
2025-04-23 00:20:40.734 [MessageBroker-1] INFO  o.s.w.s.c.WebSocketMessageBrokerStats - WebSocketSession[3 current WS(3)-HttpStream(0)-HttpPoll(0), 3 total, 0 closed abnormally (0 connect failure, 0 send limit, 0 transport error)], stompSubProtocol[processed CONNECT(3)-CONNECTED(3)-DISCONNECT(0)], stompBrokerRelay[null], inboundChannel[pool size = 28, active threads = 0, queued tasks = 0, completed tasks = 36], outboundChannel[pool size = 3, active threads = 0, queued tasks = 0, completed tasks = 3], sockJsScheduler[pool size = 14, active threads = 1, queued tasks = 4, completed tasks = 18]
2025-04-23 00:22:07.070 [SpringApplicationShutdownHook] INFO  o.s.m.s.b.SimpleBrokerMessageHandler - Stopping...
2025-04-23 00:22:07.070 [SpringApplicationShutdownHook] INFO  o.s.m.s.b.SimpleBrokerMessageHandler - BrokerAvailabilityEvent[available=false, SimpleBrokerMessageHandler [org.springframework.messaging.simp.broker.DefaultSubscriptionRegistry@34b2a6f4]]
2025-04-23 00:22:07.070 [SpringApplicationShutdownHook] INFO  o.s.m.s.b.SimpleBrokerMessageHandler - Stopped.
2025-04-23 00:22:07.091 [SpringApplicationShutdownHook] INFO  com.zaxxer.hikari.HikariDataSource - HikariPool-1 - Shutdown initiated...
2025-04-23 00:22:07.096 [SpringApplicationShutdownHook] INFO  com.zaxxer.hikari.HikariDataSource - HikariPool-1 - Shutdown completed.
2025-04-23 00:22:11.225 [main] INFO  com.example.auth.AuthApplication - Starting AuthApplication using Java 17.0.12 with PID 88188 (C:\Users\37602\Desktop\项目\Manage_supervision\Manage_supervision\backend\target\classes started by 37602 in C:\Users\37602\Desktop\项目\Manage_supervision)
2025-04-23 00:22:11.227 [main] INFO  com.example.auth.AuthApplication - No active profile set, falling back to 1 default profile: "default"
2025-04-23 00:22:11.733 [main] INFO  o.s.d.r.c.RepositoryConfigurationDelegate - Bootstrapping Spring Data JPA repositories in DEFAULT mode.
2025-04-23 00:22:11.822 [main] INFO  o.s.d.r.c.RepositoryConfigurationDelegate - Finished Spring Data repository scanning in 84 ms. Found 15 JPA repository interfaces.
2025-04-23 00:22:12.142 [main] INFO  o.s.b.w.e.tomcat.TomcatWebServer - Tomcat initialized with port 8081 (http)
2025-04-23 00:22:12.149 [main] INFO  o.a.coyote.http11.Http11NioProtocol - Initializing ProtocolHandler ["http-nio-8081"]
2025-04-23 00:22:12.150 [main] INFO  o.a.catalina.core.StandardService - Starting service [Tomcat]
2025-04-23 00:22:12.150 [main] INFO  o.a.catalina.core.StandardEngine - Starting Servlet engine: [Apache Tomcat/10.1.19]
2025-04-23 00:22:12.188 [main] INFO  o.a.c.c.C.[Tomcat].[localhost].[/] - Initializing Spring embedded WebApplicationContext
2025-04-23 00:22:12.188 [main] INFO  o.s.b.w.s.c.ServletWebServerApplicationContext - Root WebApplicationContext: initialization completed in 927 ms
2025-04-23 00:22:12.291 [main] INFO  o.h.jpa.internal.util.LogHelper - HHH000204: Processing PersistenceUnitInfo [name: default]
2025-04-23 00:22:12.346 [main] INFO  org.hibernate.Version - HHH000412: Hibernate ORM core version 6.4.4.Final
2025-04-23 00:22:12.379 [main] INFO  o.h.c.i.RegionFactoryInitiator - HHH000026: Second-level cache disabled
2025-04-23 00:22:12.582 [main] INFO  com.zaxxer.hikari.HikariDataSource - HikariPool-1 - Starting...
2025-04-23 00:22:13.135 [main] INFO  com.zaxxer.hikari.pool.HikariPool - HikariPool-1 - Added connection com.mysql.cj.jdbc.ConnectionImpl@604c7e9b
2025-04-23 00:22:13.137 [main] INFO  com.zaxxer.hikari.HikariDataSource - HikariPool-1 - Start completed.
2025-04-23 00:22:13.214 [main] WARN  org.hibernate.orm.deprecation - HHH90000025: MySQL8Dialect does not need to be specified explicitly using 'hibernate.dialect' (remove the property setting and it will be selected by default)
2025-04-23 00:22:13.214 [main] WARN  org.hibernate.orm.deprecation - HHH90000026: MySQL8Dialect has been deprecated; use org.hibernate.dialect.MySQLDialect instead
2025-04-23 00:22:13.962 [main] INFO  o.h.e.t.j.p.i.JtaPlatformInitiator - HHH000489: No JTA platform available (set 'hibernate.transaction.jta.platform' to enable JTA platform integration)
2025-04-23 00:22:16.151 [main] INFO  o.s.d.j.r.query.QueryEnhancerFactory - Hibernate is in classpath; If applicable, HQL parser will be used.
2025-04-23 00:22:17.658 [main] INFO  c.e.auth.config.WebSocketConfig - 配置WebSocket客户端入站通道拦截器
2025-04-23 00:22:17.660 [main] INFO  c.e.auth.config.WebSocketConfig - WebSocket客户端入站通道拦截器配置完成
2025-04-23 00:22:17.665 [main] INFO  c.e.auth.config.WebSocketConfig - 配置WebSocket消息代理
2025-04-23 00:22:17.665 [main] INFO  c.e.auth.config.WebSocketConfig - WebSocket消息代理配置完成
2025-04-23 00:22:17.823 [main] INFO  c.e.auth.config.WebSocketConfig - 注册WebSocket端点: /ws
2025-04-23 00:22:17.861 [main] WARN  o.s.b.a.o.j.JpaBaseConfiguration$JpaWebConfiguration - spring.jpa.open-in-view is enabled by default. Therefore, database queries may be performed during view rendering. Explicitly configure spring.jpa.open-in-view to disable this warning
2025-04-23 00:22:17.911 [main] INFO  com.example.auth.config.WebConfig - 配置拦截器，验证用户权限
2025-04-23 00:22:17.913 [main] INFO  com.example.auth.config.WebConfig - 配置CORS，允许前端访问
2025-04-23 00:22:17.913 [main] INFO  com.example.auth.config.WebConfig - CORS配置完成，允许所有来源访问
2025-04-23 00:22:17.967 [main] INFO  com.example.auth.config.WebConfig - 配置资源映射: /uploads/** -> file:C:\Users\37602\Desktop\项目\Manage_supervision\uploads/
2025-04-23 00:22:18.064 [main] INFO  o.a.coyote.http11.Http11NioProtocol - Starting ProtocolHandler ["http-nio-8081"]
2025-04-23 00:22:18.083 [main] INFO  o.s.b.w.e.tomcat.TomcatWebServer - Tomcat started on port 8081 (http) with context path ''
2025-04-23 00:22:18.084 [main] INFO  o.s.m.s.b.SimpleBrokerMessageHandler - Starting...
2025-04-23 00:22:18.085 [main] INFO  o.s.m.s.b.SimpleBrokerMessageHandler - BrokerAvailabilityEvent[available=true, SimpleBrokerMessageHandler [org.springframework.messaging.simp.broker.DefaultSubscriptionRegistry@28b9877d]]
2025-04-23 00:22:18.085 [main] INFO  o.s.m.s.b.SimpleBrokerMessageHandler - Started.
2025-04-23 00:22:18.089 [main] INFO  com.example.auth.AuthApplication - Started AuthApplication in 7.228 seconds (process running for 7.702)
2025-04-23 00:22:18.798 [http-nio-8081-exec-7] INFO  o.a.c.c.C.[Tomcat].[localhost].[/] - Initializing Spring DispatcherServlet 'dispatcherServlet'
2025-04-23 00:22:18.798 [http-nio-8081-exec-7] INFO  o.s.web.servlet.DispatcherServlet - Initializing Servlet 'dispatcherServlet'
2025-04-23 00:22:18.800 [http-nio-8081-exec-7] INFO  o.s.web.servlet.DispatcherServlet - Completed initialization in 2 ms
2025-04-23 00:22:19.216 [http-nio-8081-exec-10] INFO  c.e.auth.config.WebSocketConfig - 收到STOMP CONNECT命令
2025-04-23 00:22:19.216 [http-nio-8081-exec-5] INFO  c.e.auth.config.WebSocketConfig - 收到STOMP CONNECT命令
2025-04-23 00:22:19.216 [http-nio-8081-exec-10] INFO  c.e.auth.config.WebSocketConfig - 从WebSocket连接中提取到JWT Token: eyJhbGciOi...
2025-04-23 00:22:19.216 [http-nio-8081-exec-5] INFO  c.e.auth.config.WebSocketConfig - 从WebSocket连接中提取到JWT Token: eyJhbGciOi...
2025-04-23 00:22:19.286 [http-nio-8081-exec-5] INFO  c.e.auth.config.WebSocketConfig - 从JWT Token提取的用户ID: 2
2025-04-23 00:22:19.286 [http-nio-8081-exec-10] INFO  c.e.auth.config.WebSocketConfig - 从JWT Token提取的用户ID: 3
2025-04-23 00:22:19.287 [http-nio-8081-exec-10] INFO  c.e.auth.config.WebSocketConfig - WebSocket连接成功设置用户ID为Principal: 3
2025-04-23 00:22:19.287 [http-nio-8081-exec-5] INFO  c.e.auth.config.WebSocketConfig - WebSocket连接成功设置用户ID为Principal: 2
2025-04-23 00:22:23.176 [http-nio-8081-exec-5] INFO  c.e.auth.config.WebSocketConfig - 收到STOMP CONNECT命令
2025-04-23 00:22:23.177 [http-nio-8081-exec-5] INFO  c.e.auth.config.WebSocketConfig - 从WebSocket连接中提取到JWT Token: eyJhbGciOi...
2025-04-23 00:22:23.178 [http-nio-8081-exec-5] INFO  c.e.auth.config.WebSocketConfig - 从JWT Token提取的用户ID: 4
2025-04-23 00:22:23.178 [http-nio-8081-exec-5] INFO  c.e.auth.config.WebSocketConfig - WebSocket连接成功设置用户ID为Principal: 4
2025-04-23 00:22:24.344 [http-nio-8081-exec-1] INFO  c.e.auth.config.WebSocketConfig - 收到STOMP CONNECT命令
2025-04-23 00:22:24.344 [http-nio-8081-exec-1] INFO  c.e.auth.config.WebSocketConfig - 从WebSocket连接中提取到JWT Token: eyJhbGciOi...
2025-04-23 00:22:24.346 [http-nio-8081-exec-1] INFO  c.e.auth.config.WebSocketConfig - 从JWT Token提取的用户ID: 3
2025-04-23 00:22:24.347 [http-nio-8081-exec-1] INFO  c.e.auth.config.WebSocketConfig - WebSocket连接成功设置用户ID为Principal: 3
2025-04-23 00:22:29.733 [http-nio-8081-exec-7] INFO  c.e.auth.config.WebSocketConfig - 收到STOMP CONNECT命令
2025-04-23 00:22:29.734 [http-nio-8081-exec-7] INFO  c.e.auth.config.WebSocketConfig - 从WebSocket连接中提取到JWT Token: eyJhbGciOi...
2025-04-23 00:22:29.735 [http-nio-8081-exec-7] INFO  c.e.auth.config.WebSocketConfig - 从JWT Token提取的用户ID: 3
2025-04-23 00:22:29.735 [http-nio-8081-exec-7] INFO  c.e.auth.config.WebSocketConfig - WebSocket连接成功设置用户ID为Principal: 3
2025-04-23 00:22:45.676 [http-nio-8081-exec-5] INFO  c.e.auth.config.WebSocketConfig - 收到STOMP CONNECT命令
2025-04-23 00:22:45.676 [http-nio-8081-exec-5] INFO  c.e.auth.config.WebSocketConfig - 从WebSocket连接中提取到JWT Token: eyJhbGciOi...
2025-04-23 00:22:45.677 [http-nio-8081-exec-5] INFO  c.e.auth.config.WebSocketConfig - 从JWT Token提取的用户ID: 3
2025-04-23 00:22:45.677 [http-nio-8081-exec-5] INFO  c.e.auth.config.WebSocketConfig - WebSocket连接成功设置用户ID为Principal: 3
2025-04-23 00:23:18.062 [MessageBroker-4] INFO  o.s.w.s.c.WebSocketMessageBrokerStats - WebSocketSession[3 current WS(3)-HttpStream(0)-HttpPoll(0), 6 total, 0 closed abnormally (0 connect failure, 0 send limit, 0 transport error)], stompSubProtocol[processed CONNECT(6)-CONNECTED(6)-DISCONNECT(0)], stompBrokerRelay[null], inboundChannel[pool size = 28, active threads = 0, queued tasks = 0, completed tasks = 81], outboundChannel[pool size = 9, active threads = 0, queued tasks = 0, completed tasks = 9], sockJsScheduler[pool size = 14, active threads = 1, queued tasks = 4, completed tasks = 17]
2025-04-23 00:27:26.476 [SpringApplicationShutdownHook] INFO  o.s.m.s.b.SimpleBrokerMessageHandler - Stopping...
2025-04-23 00:27:26.480 [SpringApplicationShutdownHook] INFO  o.s.m.s.b.SimpleBrokerMessageHandler - BrokerAvailabilityEvent[available=false, SimpleBrokerMessageHandler [org.springframework.messaging.simp.broker.DefaultSubscriptionRegistry@28b9877d]]
2025-04-23 00:27:26.480 [SpringApplicationShutdownHook] INFO  o.s.m.s.b.SimpleBrokerMessageHandler - Stopped.
2025-04-23 00:27:26.500 [SpringApplicationShutdownHook] INFO  com.zaxxer.hikari.HikariDataSource - HikariPool-1 - Shutdown initiated...
2025-04-23 00:27:26.503 [SpringApplicationShutdownHook] INFO  com.zaxxer.hikari.HikariDataSource - HikariPool-1 - Shutdown completed.
2025-04-23 00:27:30.830 [main] INFO  com.example.auth.AuthApplication - Starting AuthApplication using Java 17.0.12 with PID 73208 (C:\Users\37602\Desktop\项目\Manage_supervision\Manage_supervision\backend\target\classes started by 37602 in C:\Users\37602\Desktop\项目\Manage_supervision)
2025-04-23 00:27:30.832 [main] INFO  com.example.auth.AuthApplication - No active profile set, falling back to 1 default profile: "default"
2025-04-23 00:27:31.356 [main] INFO  o.s.d.r.c.RepositoryConfigurationDelegate - Bootstrapping Spring Data JPA repositories in DEFAULT mode.
2025-04-23 00:27:31.448 [main] INFO  o.s.d.r.c.RepositoryConfigurationDelegate - Finished Spring Data repository scanning in 87 ms. Found 15 JPA repository interfaces.
2025-04-23 00:27:31.827 [main] INFO  o.s.b.w.e.tomcat.TomcatWebServer - Tomcat initialized with port 8081 (http)
2025-04-23 00:27:31.835 [main] INFO  o.a.coyote.http11.Http11NioProtocol - Initializing ProtocolHandler ["http-nio-8081"]
2025-04-23 00:27:31.836 [main] INFO  o.a.catalina.core.StandardService - Starting service [Tomcat]
2025-04-23 00:27:31.837 [main] INFO  o.a.catalina.core.StandardEngine - Starting Servlet engine: [Apache Tomcat/10.1.19]
2025-04-23 00:27:31.873 [main] INFO  o.a.c.c.C.[Tomcat].[localhost].[/] - Initializing Spring embedded WebApplicationContext
2025-04-23 00:27:31.874 [main] INFO  o.s.b.w.s.c.ServletWebServerApplicationContext - Root WebApplicationContext: initialization completed in 1012 ms
2025-04-23 00:27:31.974 [main] INFO  o.h.jpa.internal.util.LogHelper - HHH000204: Processing PersistenceUnitInfo [name: default]
2025-04-23 00:27:32.018 [main] INFO  org.hibernate.Version - HHH000412: Hibernate ORM core version 6.4.4.Final
2025-04-23 00:27:32.052 [main] INFO  o.h.c.i.RegionFactoryInitiator - HHH000026: Second-level cache disabled
2025-04-23 00:27:32.255 [main] INFO  com.zaxxer.hikari.HikariDataSource - HikariPool-1 - Starting...
2025-04-23 00:27:32.807 [main] INFO  com.zaxxer.hikari.pool.HikariPool - HikariPool-1 - Added connection com.mysql.cj.jdbc.ConnectionImpl@2c2a7d53
2025-04-23 00:27:32.808 [main] INFO  com.zaxxer.hikari.HikariDataSource - HikariPool-1 - Start completed.
2025-04-23 00:27:32.879 [main] WARN  org.hibernate.orm.deprecation - HHH90000025: MySQL8Dialect does not need to be specified explicitly using 'hibernate.dialect' (remove the property setting and it will be selected by default)
2025-04-23 00:27:32.879 [main] WARN  org.hibernate.orm.deprecation - HHH90000026: MySQL8Dialect has been deprecated; use org.hibernate.dialect.MySQLDialect instead
2025-04-23 00:27:33.594 [main] INFO  o.h.e.t.j.p.i.JtaPlatformInitiator - HHH000489: No JTA platform available (set 'hibernate.transaction.jta.platform' to enable JTA platform integration)
2025-04-23 00:27:35.718 [main] INFO  o.s.d.j.r.query.QueryEnhancerFactory - Hibernate is in classpath; If applicable, HQL parser will be used.
2025-04-23 00:27:37.244 [main] INFO  c.e.auth.config.WebSocketConfig - 配置WebSocket客户端入站通道拦截器
2025-04-23 00:27:37.246 [main] INFO  c.e.auth.config.WebSocketConfig - WebSocket客户端入站通道拦截器配置完成
2025-04-23 00:27:37.251 [main] INFO  c.e.auth.config.WebSocketConfig - 配置WebSocket消息代理
2025-04-23 00:27:37.252 [main] INFO  c.e.auth.config.WebSocketConfig - WebSocket消息代理配置完成
2025-04-23 00:27:37.442 [main] INFO  c.e.auth.config.WebSocketConfig - 注册WebSocket端点: /ws
2025-04-23 00:27:37.493 [main] WARN  o.s.b.a.o.j.JpaBaseConfiguration$JpaWebConfiguration - spring.jpa.open-in-view is enabled by default. Therefore, database queries may be performed during view rendering. Explicitly configure spring.jpa.open-in-view to disable this warning
2025-04-23 00:27:37.546 [main] INFO  com.example.auth.config.WebConfig - 配置拦截器，验证用户权限
2025-04-23 00:27:37.549 [main] INFO  com.example.auth.config.WebConfig - 配置CORS，允许前端访问
2025-04-23 00:27:37.550 [main] INFO  com.example.auth.config.WebConfig - CORS配置完成，允许所有来源访问
2025-04-23 00:27:37.618 [main] INFO  com.example.auth.config.WebConfig - 配置资源映射: /uploads/** -> file:C:\Users\37602\Desktop\项目\Manage_supervision\uploads/
2025-04-23 00:27:37.738 [main] INFO  o.a.coyote.http11.Http11NioProtocol - Starting ProtocolHandler ["http-nio-8081"]
2025-04-23 00:27:37.754 [main] INFO  o.s.b.w.e.tomcat.TomcatWebServer - Tomcat started on port 8081 (http) with context path ''
2025-04-23 00:27:37.755 [main] INFO  o.s.m.s.b.SimpleBrokerMessageHandler - Starting...
2025-04-23 00:27:37.756 [main] INFO  o.s.m.s.b.SimpleBrokerMessageHandler - BrokerAvailabilityEvent[available=true, SimpleBrokerMessageHandler [org.springframework.messaging.simp.broker.DefaultSubscriptionRegistry@1149b5dc]]
2025-04-23 00:27:37.756 [main] INFO  o.s.m.s.b.SimpleBrokerMessageHandler - Started.
2025-04-23 00:27:37.760 [main] INFO  com.example.auth.AuthApplication - Started AuthApplication in 7.301 seconds (process running for 7.681)
2025-04-23 00:27:37.800 [http-nio-8081-exec-2] INFO  o.a.c.c.C.[Tomcat].[localhost].[/] - Initializing Spring DispatcherServlet 'dispatcherServlet'
2025-04-23 00:27:37.800 [http-nio-8081-exec-2] INFO  o.s.web.servlet.DispatcherServlet - Initializing Servlet 'dispatcherServlet'
2025-04-23 00:27:37.801 [http-nio-8081-exec-2] INFO  o.s.web.servlet.DispatcherServlet - Completed initialization in 1 ms
2025-04-23 00:27:38.217 [http-nio-8081-exec-3] INFO  c.e.auth.config.WebSocketConfig - 收到STOMP CONNECT命令
2025-04-23 00:27:38.217 [http-nio-8081-exec-5] INFO  c.e.auth.config.WebSocketConfig - 收到STOMP CONNECT命令
2025-04-23 00:27:38.217 [http-nio-8081-exec-5] INFO  c.e.auth.config.WebSocketConfig - 从WebSocket连接中提取到JWT Token: eyJhbGciOi...
2025-04-23 00:27:38.217 [http-nio-8081-exec-3] INFO  c.e.auth.config.WebSocketConfig - 从WebSocket连接中提取到JWT Token: eyJhbGciOi...
2025-04-23 00:27:38.335 [http-nio-8081-exec-5] INFO  c.e.auth.config.WebSocketConfig - 从JWT Token提取的用户ID: 2
2025-04-23 00:27:38.335 [http-nio-8081-exec-3] INFO  c.e.auth.config.WebSocketConfig - 从JWT Token提取的用户ID: 3
2025-04-23 00:27:38.335 [http-nio-8081-exec-5] INFO  c.e.auth.config.WebSocketConfig - WebSocket连接成功设置用户ID为Principal: 2
2025-04-23 00:27:38.335 [http-nio-8081-exec-3] INFO  c.e.auth.config.WebSocketConfig - WebSocket连接成功设置用户ID为Principal: 3
2025-04-23 00:27:43.654 [http-nio-8081-exec-9] INFO  c.e.auth.config.WebSocketConfig - 收到STOMP CONNECT命令
2025-04-23 00:27:43.654 [http-nio-8081-exec-9] INFO  c.e.auth.config.WebSocketConfig - 从WebSocket连接中提取到JWT Token: eyJhbGciOi...
2025-04-23 00:27:43.656 [http-nio-8081-exec-9] INFO  c.e.auth.config.WebSocketConfig - 从JWT Token提取的用户ID: 3
2025-04-23 00:27:43.656 [http-nio-8081-exec-9] INFO  c.e.auth.config.WebSocketConfig - WebSocket连接成功设置用户ID为Principal: 3
2025-04-23 00:28:10.751 [http-nio-8081-exec-9] INFO  c.e.auth.config.WebSocketConfig - 收到STOMP CONNECT命令
2025-04-23 00:28:10.751 [http-nio-8081-exec-9] INFO  c.e.auth.config.WebSocketConfig - 从WebSocket连接中提取到JWT Token: eyJhbGciOi...
2025-04-23 00:28:10.752 [http-nio-8081-exec-9] INFO  c.e.auth.config.WebSocketConfig - 从JWT Token提取的用户ID: 2
2025-04-23 00:28:10.752 [http-nio-8081-exec-9] INFO  c.e.auth.config.WebSocketConfig - WebSocket连接成功设置用户ID为Principal: 2
2025-04-23 00:28:32.173 [http-nio-8081-exec-2] INFO  c.e.a.service.impl.UserServiceImpl - 根据角色获取用户列表: SUPERVISOR
2025-04-23 00:28:37.736 [MessageBroker-5] INFO  o.s.w.s.c.WebSocketMessageBrokerStats - WebSocketSession[2 current WS(2)-HttpStream(0)-HttpPoll(0), 4 total, 0 closed abnormally (0 connect failure, 0 send limit, 0 transport error)], stompSubProtocol[processed CONNECT(4)-CONNECTED(4)-DISCONNECT(0)], stompBrokerRelay[null], inboundChannel[pool size = 28, active threads = 0, queued tasks = 0, completed tasks = 54], outboundChannel[pool size = 6, active threads = 0, queued tasks = 0, completed tasks = 6], sockJsScheduler[pool size = 14, active threads = 1, queued tasks = 3, completed tasks = 16]
2025-04-23 00:29:17.447 [http-nio-8081-exec-4] INFO  c.e.auth.config.WebSocketConfig - 收到STOMP CONNECT命令
2025-04-23 00:29:17.447 [http-nio-8081-exec-4] INFO  c.e.auth.config.WebSocketConfig - 从WebSocket连接中提取到JWT Token: eyJhbGciOi...
2025-04-23 00:29:17.448 [http-nio-8081-exec-4] INFO  c.e.auth.config.WebSocketConfig - 从JWT Token提取的用户ID: 4
2025-04-23 00:29:17.448 [http-nio-8081-exec-4] INFO  c.e.auth.config.WebSocketConfig - WebSocket连接成功设置用户ID为Principal: 4
2025-04-23 00:30:19.102 [http-nio-8081-exec-8] INFO  c.e.auth.controller.UserController - 用户请求查看自己的任务, 用户ID: 4
2025-04-23 00:30:19.102 [http-nio-8081-exec-8] INFO  c.e.a.service.impl.TaskServiceImpl - Getting assigned to student all tasks, Student ID: 4
2025-04-23 00:33:07.154 [http-nio-8081-exec-5] INFO  c.e.auth.config.WebSocketConfig - 收到STOMP CONNECT命令
2025-04-23 00:33:07.156 [http-nio-8081-exec-5] INFO  c.e.auth.config.WebSocketConfig - 从WebSocket连接中提取到JWT Token: eyJhbGciOi...
2025-04-23 00:33:07.156 [http-nio-8081-exec-5] INFO  c.e.auth.config.WebSocketConfig - 从JWT Token提取的用户ID: 4
2025-04-23 00:33:07.156 [http-nio-8081-exec-5] INFO  c.e.auth.config.WebSocketConfig - WebSocket连接成功设置用户ID为Principal: 4
2025-04-23 00:36:56.194 [http-nio-8081-exec-6] INFO  c.e.auth.config.WebSocketConfig - 收到STOMP CONNECT命令
2025-04-23 00:36:56.194 [http-nio-8081-exec-6] INFO  c.e.auth.config.WebSocketConfig - 从WebSocket连接中提取到JWT Token: eyJhbGciOi...
2025-04-23 00:36:56.194 [http-nio-8081-exec-6] INFO  c.e.auth.config.WebSocketConfig - 从JWT Token提取的用户ID: 4
2025-04-23 00:36:56.194 [http-nio-8081-exec-6] INFO  c.e.auth.config.WebSocketConfig - WebSocket连接成功设置用户ID为Principal: 4
2025-04-23 00:37:14.872 [http-nio-8081-exec-9] INFO  c.e.a.service.impl.UserServiceImpl - 根据角色获取用户列表: SUPERVISOR
2025-04-23 00:38:52.477 [http-nio-8081-exec-5] INFO  c.e.a.service.impl.UserServiceImpl - 根据角色获取用户列表: SUPERVISOR
2025-04-23 00:38:58.253 [http-nio-8081-exec-9] INFO  c.e.a.service.impl.UserServiceImpl - 根据角色获取用户列表: SUPERVISOR
2025-04-23 00:39:07.788 [http-nio-8081-exec-4] INFO  c.e.a.service.impl.UserServiceImpl - 根据角色获取用户列表: SUPERVISOR
2025-04-23 00:39:17.816 [http-nio-8081-exec-3] INFO  c.e.a.service.impl.UserServiceImpl - 根据角色获取用户列表: SUPERVISOR
2025-04-23 00:39:32.872 [http-nio-8081-exec-8] INFO  c.e.auth.config.WebSocketConfig - 收到STOMP CONNECT命令
2025-04-23 00:39:32.872 [http-nio-8081-exec-8] INFO  c.e.auth.config.WebSocketConfig - 从WebSocket连接中提取到JWT Token: eyJhbGciOi...
2025-04-23 00:39:32.872 [http-nio-8081-exec-8] INFO  c.e.auth.config.WebSocketConfig - 从JWT Token提取的用户ID: 3
2025-04-23 00:39:32.872 [http-nio-8081-exec-8] INFO  c.e.auth.config.WebSocketConfig - WebSocket连接成功设置用户ID为Principal: 3
2025-04-23 00:39:46.276 [http-nio-8081-exec-9] INFO  c.e.auth.config.WebSocketConfig - 收到STOMP CONNECT命令
2025-04-23 00:39:46.276 [http-nio-8081-exec-9] INFO  c.e.auth.config.WebSocketConfig - 从WebSocket连接中提取到JWT Token: eyJhbGciOi...
2025-04-23 00:39:46.276 [http-nio-8081-exec-9] INFO  c.e.auth.config.WebSocketConfig - 从JWT Token提取的用户ID: 4
2025-04-23 00:39:46.276 [http-nio-8081-exec-9] INFO  c.e.auth.config.WebSocketConfig - WebSocket连接成功设置用户ID为Principal: 4
2025-04-23 00:41:02.321 [http-nio-8081-exec-4] INFO  c.e.a.service.impl.UserServiceImpl - 根据角色获取用户列表: SUPERVISOR
2025-04-23 00:43:07.780 [http-nio-8081-exec-6] INFO  c.e.auth.config.WebSocketConfig - 收到STOMP CONNECT命令
2025-04-23 00:43:07.780 [http-nio-8081-exec-6] INFO  c.e.auth.config.WebSocketConfig - 从WebSocket连接中提取到JWT Token: eyJhbGciOi...
2025-04-23 00:43:07.781 [http-nio-8081-exec-6] INFO  c.e.auth.config.WebSocketConfig - 从JWT Token提取的用户ID: 4
2025-04-23 00:43:07.781 [http-nio-8081-exec-6] INFO  c.e.auth.config.WebSocketConfig - WebSocket连接成功设置用户ID为Principal: 4
2025-04-23 00:46:44.142 [http-nio-8081-exec-8] INFO  c.e.a.service.impl.UserServiceImpl - 根据角色获取用户列表: SUPERVISOR
